[1/26] aspnetcore: unsetting partial-clone filter + full refetch...
[1/26] aspnetcore: OK (73.6s total)
[2/26] Marlin: unsetting partial-clone filter + full refetch...
[2/26] Marlin: OK (48.3s total)
[3/26] DefinitelyTyped: unsetting partial-clone filter + full refetch...
[3/26] DefinitelyTyped: OK (212.4s total)
[4/26] Python: unsetting partial-clone filter + full refetch...
[4/26] Python: OK (139.0s total)
[5/26] grpc: unsetting partial-clone filter + full refetch...
[5/26] grpc: OK (90.9s total)
[6/26] TypeScript: unsetting partial-clone filter + full refetch...
[6/26] TypeScript: OK (439.2s total)
[7/26] odoo: unsetting partial-clone filter + full refetch...
[7/26] odoo: refetch FAILED: fatal: cannot change to '_clones/odoo': No such file or directory
[8/26] angular: unsetting partial-clone filter + full refetch...
[8/26] angular: OK (90.6s total)
[9/26] netty: unsetting partial-clone filter + full refetch...
[9/26] netty: OK (12.9s total)
[10/26] ansible: unsetting partial-clone filter + full refetch...
[10/26] ansible: OK (45.3s total)
[11/26] flutter: unsetting partial-clone filter + full refetch...
[11/26] flutter: OK (78.0s total)
[12/26] spring-framework: unsetting partial-clone filter + full refetch...
[12/26] spring-framework: OK (44.4s total)
[13/26] kafka: unsetting partial-clone filter + full refetch...
[13/26] kafka: OK (50.2s total)
[14/26] moby: unsetting partial-clone filter + full refetch...
[14/26] moby: OK (197.0s total)
[15/26] etcd: unsetting partial-clone filter + full refetch...
[15/26] etcd: OK (16.7s total)
[16/26] homebrew-cask: unsetting partial-clone filter + full refetch...
[16/26] homebrew-cask: OK (132.8s total)
[17/26] symfony: unsetting partial-clone filter + full refetch...
[17/26] symfony: OK (65.5s total)
[18/26] node: unsetting partial-clone filter + full refetch...
[18/26] node: OK (246.6s total)
[19/26] kubernetes: unsetting partial-clone filter + full refetch...
[19/26] kubernetes: OK (242.9s total)
[20/26] electron: unsetting partial-clone filter + full refetch...
[20/26] electron: OK (27.8s total)
[21/26] openssl: unsetting partial-clone filter + full refetch...
[21/26] openssl: OK (49.4s total)
[22/26] AspNetCore.Docs: unsetting partial-clone filter + full refetch...
[22/26] AspNetCore.Docs: OK (156.4s total)
[23/26] spark: unsetting partial-clone filter + full refetch...
[23/26] spark: OK (99.4s total)
[24/26] react-router: unsetting partial-clone filter + full refetch...
[24/26] react-router: OK (8.6s total)
[25/26] ant-design: unsetting partial-clone filter + full refetch...
[25/26] ant-design: OK (49.3s total)
[26/26] spring-boot: unsetting partial-clone filter + full refetch...
[26/26] spring-boot: OK (44.8s total)

Done in 2662.2s. OK=25 STILL_FAILED=1
Still failed: ['odoo']
